                  Warning	No doors could be created for vehicle 2 at PT stop 2. Hence no passengers could alight or board.	Network object type: Vehicle	Network object keys: 2
                  Warning	The door of vehicle element 1 at position 5.75 m on the left-hand side of vehicle 2 at PT stop 2 is ignored because all platform edges are more than 2.0 m away from the door.	Network object type: Vehicle	Network object keys: 2
                  Warning	The door of vehicle element 1 at position 9.37 m on the left-hand side of vehicle 2 at PT stop 2 is ignored because all platform edges are more than 2.0 m away from the door.	Network object type: Vehicle	Network object keys: 2
                  Warning	The door of vehicle element 3 at position 2.21 m on the left-hand side of vehicle 2 at PT stop 2 is ignored because all platform edges are more than 2.0 m away from the door.	Network object type: Vehicle	Network object keys: 2
                  Warning	The door of vehicle element 3 at position 5.83 m on the left-hand side of vehicle 2 at PT stop 2 is ignored because all platform edges are more than 2.0 m away from the door.	Network object type: Vehicle	Network object keys: 2
                  Warning	The door of vehicle element 1 at position 5.75 m on the left-hand side of vehicle 3 at PT stop 3 is ignored because all platform edges are more than 2.0 m away from the door.	Network object type: Vehicle	Network object keys: 3
                  Warning	The door of vehicle element 1 at position 5.75 m on the right-hand side of vehicle 3 at PT stop 3 is ignored because all platform edges are more than 2.0 m away from the door.	Network object type: Vehicle	Network object keys: 3
                  Warning	The door of vehicle element 1 at position 9.37 m on the left-hand side of vehicle 3 at PT stop 3 is ignored because all platform edges are more than 2.0 m away from the door.	Network object type: Vehicle	Network object keys: 3
                  Warning	The door of vehicle element 3 at position 2.21 m on the left-hand side of vehicle 3 at PT stop 3 is ignored because all platform edges are more than 2.0 m away from the door.	Network object type: Vehicle	Network object keys: 3
                  Warning	The door of vehicle element 3 at position 5.83 m on the left-hand side of vehicle 3 at PT stop 3 is ignored because all platform edges are more than 2.0 m away from the door.	Network object type: Vehicle	Network object keys: 3
                     Note	Do you want to continue with limited input? The currently used license is limited to 30 pedestrians in the network. This limit has been reached in the current simulation. : &Yes
                  Warning	Simulation second 102.600: After 60.000 seconds of waiting for lane change the vehicle 46 (on Static Vehicle Route "4 - 2") was removed from link "7: East (entring intersection)" at position 46.076 m.	Network object type: Vehicle	Network object keys: 46
                  Warning	Simulation second 118.900: After 60.000 seconds of waiting for lane change the vehicle 53 (on Static Vehicle Route "3 - 2") was removed from link "1: North (entering intersection)" at position 59.987 m.	Network object type: Vehicle	Network object keys: 53
                  Warning	Simulation second 127.200: After 60.000 seconds of waiting for lane change the vehicle 83 (on Static Vehicle Route "2 - 2") was removed from link "6: South entring intersection" at position 65.080 m.	Network object type: Vehicle	Network object keys: 83
                  Warning	Simulation second 129.100: After 60.000 seconds of waiting for lane change the vehicle 81 (on Static Vehicle Route "1 - 2") was removed from link "3: West (entering intersection)" at position 78.241 m.	Network object type: Vehicle	Network object keys: 81
                  Warning	Simulation second 130.600: After 60.000 seconds of waiting for lane change the vehicle 78 (on Static Vehicle Route "2 - 2") was removed from link "6: South entring intersection" at position 67.580 m.	Network object type: Vehicle	Network object keys: 78
                  Warning	Simulation second 167.600: After 60.000 seconds of waiting for lane change the vehicle 67 (on Static Vehicle Route "4 - 2") was removed from link "7: East (entring intersection)" at position 46.076 m.	Network object type: Vehicle	Network object keys: 67
                  Warning	Simulation second 183.400: After 60.000 seconds of waiting for lane change the vehicle 61 (on Static Vehicle Route "3 - 2") was removed from link "1: North (entering intersection)" at position 59.987 m.	Network object type: Vehicle	Network object keys: 61
                  Warning	Simulation second 191.900: After 60.000 seconds of waiting for lane change the vehicle 92 (on Static Vehicle Route "2 - 2") was removed from link "6: South entring intersection" at position 65.080 m.	Network object type: Vehicle	Network object keys: 92
                  Warning	Simulation second 194.000: After 60.000 seconds of waiting for lane change the vehicle 97 (on Static Vehicle Route "1 - 2") was removed from link "3: West (entering intersection)" at position 78.241 m.	Network object type: Vehicle	Network object keys: 97
                  Warning	Simulation second 195.800: After 60.000 seconds of waiting for lane change the vehicle 90 (on Static Vehicle Route "2 - 2") was removed from link "6: South entring intersection" at position 67.580 m.	Network object type: Vehicle	Network object keys: 90
                  Warning	The door of vehicle element 1 at position 5.75 m on the left-hand side of vehicle 153 at PT stop 3 is ignored because all platform edges are more than 2.0 m away from the door.	Network object type: Vehicle	Network object keys: 153
                  Warning	The door of vehicle element 1 at position 5.75 m on the right-hand side of vehicle 153 at PT stop 3 is ignored because all platform edges are more than 2.0 m away from the door.	Network object type: Vehicle	Network object keys: 153
                  Warning	The door of vehicle element 1 at position 9.37 m on the left-hand side of vehicle 153 at PT stop 3 is ignored because all platform edges are more than 2.0 m away from the door.	Network object type: Vehicle	Network object keys: 153
                  Warning	The door of vehicle element 3 at position 2.21 m on the left-hand side of vehicle 153 at PT stop 3 is ignored because all platform edges are more than 2.0 m away from the door.	Network object type: Vehicle	Network object keys: 153
                  Warning	The door of vehicle element 3 at position 5.83 m on the left-hand side of vehicle 153 at PT stop 3 is ignored because all platform edges are more than 2.0 m away from the door.	Network object type: Vehicle	Network object keys: 153
                  Warning	Simulation second 232.400: After 60.000 seconds of waiting for lane change the vehicle 70 (on Static Vehicle Route "4 - 3") was removed from link "7: East (entring intersection)" at position 45.821 m.	Network object type: Vehicle	Network object keys: 70
                  Warning	Simulation second 248.400: After 60.000 seconds of waiting for lane change the vehicle 64 (on Static Vehicle Route "3 - 2") was removed from link "1: North (entering intersection)" at position 59.987 m.	Network object type: Vehicle	Network object keys: 64
                  Warning	Simulation second 257.000: After 60.000 seconds of waiting for lane change the vehicle 98 (on Static Vehicle Route "2 - 2") was removed from link "6: South entring intersection" at position 65.080 m.	Network object type: Vehicle	Network object keys: 98
                  Warning	Simulation second 259.000: After 60.000 seconds of waiting for lane change the vehicle 127 (on Static Vehicle Route "1 - 2") was removed from link "3: West (entering intersection)" at position 78.241 m.	Network object type: Vehicle	Network object keys: 127
                  Warning	Simulation second 260.800: After 60.000 seconds of waiting for lane change the vehicle 95 (on Static Vehicle Route "2 - 2") was removed from link "6: South entring intersection" at position 67.580 m.	Network object type: Vehicle	Network object keys: 95
                  Warning	Simulation second 297.400: After 60.000 seconds of waiting for lane change the vehicle 76 (on Static Vehicle Route "4 - 2") was removed from link "7: East (entring intersection)" at position 46.076 m.	Network object type: Vehicle	Network object keys: 76
                  Warning	Simulation second 313.300: After 60.000 seconds of waiting for lane change the vehicle 71 (on Static Vehicle Route "3 - 2") was removed from link "1: North (entering intersection)" at position 59.987 m.	Network object type: Vehicle	Network object keys: 71
                  Warning	Simulation second 323.800: After 60.000 seconds of waiting for lane change the vehicle 131 (on Static Vehicle Route "1 - 2") was removed from link "3: West (entering intersection)" at position 78.241 m.	Network object type: Vehicle	Network object keys: 131
                  Warning	Simulation second 324.400: After 60.000 seconds of waiting for lane change the vehicle 102 (on Static Vehicle Route "2 - 2") was removed from link "6: South entring intersection" at position 67.580 m.	Network object type: Vehicle	Network object keys: 102
                  Warning	Simulation second 325.800: After 60.000 seconds of waiting for lane change the vehicle 113 (on Static Vehicle Route "2 - 2") was removed from link "6: South entring intersection" at position 65.080 m.	Network object type: Vehicle	Network object keys: 113
                  Warning	No doors could be created for vehicle 184 at PT stop 2. Hence no passengers could alight or board.	Network object type: Vehicle	Network object keys: 184
                  Warning	The door of vehicle element 1 at position 5.75 m on the left-hand side of vehicle 184 at PT stop 2 is ignored because all platform edges are more than 2.0 m away from the door.	Network object type: Vehicle	Network object keys: 184
                  Warning	The door of vehicle element 1 at position 9.37 m on the left-hand side of vehicle 184 at PT stop 2 is ignored because all platform edges are more than 2.0 m away from the door.	Network object type: Vehicle	Network object keys: 184
                  Warning	The door of vehicle element 3 at position 2.21 m on the left-hand side of vehicle 184 at PT stop 2 is ignored because all platform edges are more than 2.0 m away from the door.	Network object type: Vehicle	Network object keys: 184
                  Warning	The door of vehicle element 3 at position 5.83 m on the left-hand side of vehicle 184 at PT stop 2 is ignored because all platform edges are more than 2.0 m away from the door.	Network object type: Vehicle	Network object keys: 184
                  Warning	Simulation second 362.400: After 60.000 seconds of waiting for lane change the vehicle 88 (on Static Vehicle Route "4 - 2") was removed from link "7: East (entring intersection)" at position 46.076 m.	Network object type: Vehicle	Network object keys: 88
                  Warning	Simulation second 378.200: After 60.000 seconds of waiting for lane change the vehicle 80 (on Static Vehicle Route "3 - 2") was removed from link "1: North (entering intersection)" at position 59.987 m.	Network object type: Vehicle	Network object keys: 80
                  Warning	Simulation second 388.800: After 60.000 seconds of waiting for lane change the vehicle 133 (on Static Vehicle Route "1 - 2") was removed from link "3: West (entering intersection)" at position 78.241 m.	Network object type: Vehicle	Network object keys: 133
                  Warning	Simulation second 389.300: After 60.000 seconds of waiting for lane change the vehicle 103 (on Static Vehicle Route "2 - 2") was removed from link "6: South entring intersection" at position 67.580 m.	Network object type: Vehicle	Network object keys: 103
                  Warning	Simulation second 390.900: After 60.000 seconds of waiting for lane change the vehicle 121 (on Static Vehicle Route "2 - 2") was removed from link "6: South entring intersection" at position 65.080 m.	Network object type: Vehicle	Network object keys: 121
                  Warning	Simulation second 427.500: After 60.000 seconds of waiting for lane change the vehicle 89 (on Static Vehicle Route "4 - 2") was removed from link "7: East (entring intersection)" at position 46.076 m.	Network object type: Vehicle	Network object keys: 89
                  Warning	Simulation second 443.000: After 60.000 seconds of waiting for lane change the vehicle 93 (on Static Vehicle Route "3 - 2") was removed from link "1: North (entering intersection)" at position 59.987 m.	Network object type: Vehicle	Network object keys: 93
                  Warning	Simulation second 454.200: After 60.000 seconds of waiting for lane change the vehicle 110 (on Static Vehicle Route "2 - 2") was removed from link "6: South entring intersection" at position 67.580 m.	Network object type: Vehicle	Network object keys: 110
                  Warning	Simulation second 455.800: After 60.000 seconds of waiting for lane change the vehicle 139 (on Static Vehicle Route "1 - 2") was removed from link "3: West (entering intersection)" at position 78.241 m.	Network object type: Vehicle	Network object keys: 139
                  Warning	Simulation second 507.900: After 60.000 seconds of waiting for lane change the vehicle 94 (on Static Vehicle Route "3 - 2") was removed from link "1: North (entering intersection)" at position 59.987 m.	Network object type: Vehicle	Network object keys: 94
                  Warning	Simulation second 521.000: After 60.000 seconds of waiting for lane change the vehicle 140 (on Static Vehicle Route "1 - 2") was removed from link "3: West (entering intersection)" at position 78.241 m.	Network object type: Vehicle	Network object keys: 140
                  Warning	The door of vehicle element 1 at position 5.75 m on the left-hand side of vehicle 190 at PT stop 3 is ignored because all platform edges are more than 2.0 m away from the door.	Network object type: Vehicle	Network object keys: 190
                  Warning	The door of vehicle element 1 at position 5.75 m on the right-hand side of vehicle 190 at PT stop 3 is ignored because all platform edges are more than 2.0 m away from the door.	Network object type: Vehicle	Network object keys: 190
                  Warning	The door of vehicle element 1 at position 9.37 m on the left-hand side of vehicle 190 at PT stop 3 is ignored because all platform edges are more than 2.0 m away from the door.	Network object type: Vehicle	Network object keys: 190
                  Warning	The door of vehicle element 3 at position 2.21 m on the left-hand side of vehicle 190 at PT stop 3 is ignored because all platform edges are more than 2.0 m away from the door.	Network object type: Vehicle	Network object keys: 190
                  Warning	The door of vehicle element 3 at position 5.83 m on the left-hand side of vehicle 190 at PT stop 3 is ignored because all platform edges are more than 2.0 m away from the door.	Network object type: Vehicle	Network object keys: 190
                  Warning	Simulation second 537.400: After 60.000 seconds of waiting for lane change the vehicle 126 (on Static Vehicle Route "2 - 2") was removed from link "6: South entring intersection" at position 65.080 m.	Network object type: Vehicle	Network object keys: 126
                  Warning	Simulation second 543.200: After 60.000 seconds of waiting for lane change the vehicle 119 (on Static Vehicle Route "2 - 2") was removed from link "6: South entring intersection" at position 67.580 m.	Network object type: Vehicle	Network object keys: 119
                  Warning	Simulation second 572.900: After 60.000 seconds of waiting for lane change the vehicle 99 (on Static Vehicle Route "3 - 2") was removed from link "1: North (entering intersection)" at position 59.987 m.	Network object type: Vehicle	Network object keys: 99
                  Warning	Simulation second 586.000: After 60.000 seconds of waiting for lane change the vehicle 141 (on Static Vehicle Route "1 - 2") was removed from link "3: West (entering intersection)" at position 78.241 m.	Network object type: Vehicle	Network object keys: 141
                  Warning	Pedestrian input 7 could not be finished completely (remain: 5 pedestrians).	Network object type: Pedestrian Input	Network object keys: 7
                  Warning	Pedestrian input 8 could not be finished completely (remain: 4 pedestrians).	Network object type: Pedestrian Input	Network object keys: 8
                  Warning	Pedestrian input 9 could not be finished completely (remain: 8 pedestrians).	Network object type: Pedestrian Input	Network object keys: 9
                  Warning	Pedestrian input 10 could not be finished completely (remain: 12 pedestrians).	Network object type: Pedestrian Input	Network object keys: 10
                  Warning	Pedestrian input 11 could not be finished completely (remain: 3 pedestrians).	Network object type: Pedestrian Input	Network object keys: 11
                  Warning	Pedestrian input 13 could not be finished completely (remain: 4 pedestrians).	Network object type: Pedestrian Input	Network object keys: 13
                  Warning	Vehicle input 1 could not be finished completely (remain: 62 vehicles).	Network object type: Vehicle Input	Network object keys: 1
                  Warning	Vehicle input 2 could not be finished completely (remain: 268 vehicles).	Network object type: Vehicle Input	Network object keys: 2
                  Warning	Vehicle input 3 could not be finished completely (remain: 115 vehicles).	Network object type: Vehicle Input	Network object keys: 3
                  Warning	Vehicle input 4 could not be finished completely (remain: 242 vehicles).	Network object type: Vehicle Input	Network object keys: 4
