                  Warning	No doors could be created for vehicle 2 at PT stop 2. Hence no passengers could alight or board.	Network object type: Vehicle	Network object keys: 2
                  Warning	The door of vehicle element 1 at position 5.75 m on the left-hand side of vehicle 2 at PT stop 2 is ignored because all platform edges are more than 2.0 m away from the door.	Network object type: Vehicle	Network object keys: 2
                  Warning	The door of vehicle element 1 at position 9.37 m on the left-hand side of vehicle 2 at PT stop 2 is ignored because all platform edges are more than 2.0 m away from the door.	Network object type: Vehicle	Network object keys: 2
                  Warning	The door of vehicle element 3 at position 2.21 m on the left-hand side of vehicle 2 at PT stop 2 is ignored because all platform edges are more than 2.0 m away from the door.	Network object type: Vehicle	Network object keys: 2
                  Warning	The door of vehicle element 3 at position 5.83 m on the left-hand side of vehicle 2 at PT stop 2 is ignored because all platform edges are more than 2.0 m away from the door.	Network object type: Vehicle	Network object keys: 2
                  Warning	Simulation second 119.400: After 60.000 seconds of waiting for lane change the vehicle 61 (on Static Vehicle Route "3 - 2") was removed from link "1: North (entering intersection)" at position 59.987 m.	Network object type: Vehicle	Network object keys: 61
                     Note	Do you want to continue with limited input? The currently used license is limited to 30 pedestrians in the network. This limit has been reached in the current simulation. : &Yes
                  Warning	Simulation second 154.600: After 60.000 seconds of waiting for lane change the vehicle 88 (on Static Vehicle Route "4 - 2") was removed from link "7: East (entring intersection)" at position 46.076 m.	Network object type: Vehicle	Network object keys: 88
                  Warning	Simulation second 184.300: After 60.000 seconds of waiting for lane change the vehicle 71 (on Static Vehicle Route "3 - 2") was removed from link "1: North (entering intersection)" at position 59.987 m.	Network object type: Vehicle	Network object keys: 71
                  Warning	Simulation second 192.400: After 60.000 seconds of waiting for lane change the vehicle 90 (on Static Vehicle Route "2 - 2") was removed from link "6: South entring intersection" at position 65.080 m.	Network object type: Vehicle	Network object keys: 90
                  Warning	Simulation second 198.900: After 60.000 seconds of waiting for lane change the vehicle 85 (on Static Vehicle Route "2 - 2") was removed from link "6: South entring intersection" at position 67.580 m.	Network object type: Vehicle	Network object keys: 85
                  Warning	Simulation second 257.400: After 60.000 seconds of waiting for lane change the vehicle 95 (on Static Vehicle Route "2 - 2") was removed from link "6: South entring intersection" at position 65.080 m.	Network object type: Vehicle	Network object keys: 95
                  Warning	Simulation second 263.900: After 60.000 seconds of waiting for lane change the vehicle 98 (on Static Vehicle Route "2 - 2") was removed from link "6: South entring intersection" at position 67.580 m.	Network object type: Vehicle	Network object keys: 98
                  Warning	Simulation second 273.000: After 60.000 seconds of waiting for lane change the vehicle 119 (on Static Vehicle Route "1 - 2") was removed from link "3: West (entering intersection)" at position 78.241 m.	Network object type: Vehicle	Network object keys: 119
                  Warning	Simulation second 293.200: After 60.000 seconds of waiting for lane change the vehicle 137 (on Static Vehicle Route "4 - 3") was removed from link "7: East (entring intersection)" at position 43.948 m.	Network object type: Vehicle	Network object keys: 137
                  Warning	Simulation second 294.600: After 60.000 seconds of waiting for lane change the vehicle 120 (on Static Vehicle Route "3 - 2") was removed from link "1: North (entering intersection)" at position 59.987 m.	Network object type: Vehicle	Network object keys: 120
                  Warning	Simulation second 328.900: After 60.000 seconds of waiting for lane change the vehicle 111 (on Static Vehicle Route "2 - 2") was removed from link "6: South entring intersection" at position 67.580 m.	Network object type: Vehicle	Network object keys: 111
                  Warning	No doors could be created for vehicle 242 at PT stop 2. Hence no passengers could alight or board.	Network object type: Vehicle	Network object keys: 242
                  Warning	The door of vehicle element 1 at position 5.75 m on the left-hand side of vehicle 242 at PT stop 2 is ignored because all platform edges are more than 2.0 m away from the door.	Network object type: Vehicle	Network object keys: 242
                  Warning	The door of vehicle element 1 at position 9.37 m on the left-hand side of vehicle 242 at PT stop 2 is ignored because all platform edges are more than 2.0 m away from the door.	Network object type: Vehicle	Network object keys: 242
                  Warning	The door of vehicle element 3 at position 2.21 m on the left-hand side of vehicle 242 at PT stop 2 is ignored because all platform edges are more than 2.0 m away from the door.	Network object type: Vehicle	Network object keys: 242
                  Warning	The door of vehicle element 3 at position 5.83 m on the left-hand side of vehicle 242 at PT stop 2 is ignored because all platform edges are more than 2.0 m away from the door.	Network object type: Vehicle	Network object keys: 242
                  Warning	Simulation second 338.100: After 60.000 seconds of waiting for lane change the vehicle 134 (on Static Vehicle Route "1 - 2") was removed from link "3: West (entering intersection)" at position 78.241 m.	Network object type: Vehicle	Network object keys: 134
                  Warning	Simulation second 358.600: After 60.000 seconds of waiting for lane change the vehicle 139 (on Static Vehicle Route "4 - 2") was removed from link "7: East (entring intersection)" at position 46.076 m.	Network object type: Vehicle	Network object keys: 139
                  Warning	Simulation second 359.100: After 60.000 seconds of waiting for lane change the vehicle 127 (on Static Vehicle Route "3 - 2") was removed from link "1: North (entering intersection)" at position 59.987 m.	Network object type: Vehicle	Network object keys: 127
                  Warning	Simulation second 386.300: After 60.000 seconds of waiting for lane change the vehicle 159 (on Static Vehicle Route "2 - 2") was removed from link "6: South entring intersection" at position 65.080 m.	Network object type: Vehicle	Network object keys: 159
                  Warning	Simulation second 393.800: After 60.000 seconds of waiting for lane change the vehicle 122 (on Static Vehicle Route "2 - 2") was removed from link "6: South entring intersection" at position 67.580 m.	Network object type: Vehicle	Network object keys: 122
                  Warning	Simulation second 403.100: After 60.000 seconds of waiting for lane change the vehicle 136 (on Static Vehicle Route "1 - 2") was removed from link "3: West (entering intersection)" at position 78.241 m.	Network object type: Vehicle	Network object keys: 136
                  Warning	Simulation second 424.500: After 60.000 seconds of waiting for lane change the vehicle 145 (on Static Vehicle Route "4 - 2") was removed from link "7: East (entring intersection)" at position 46.076 m.	Network object type: Vehicle	Network object keys: 145
                  Warning	Simulation second 451.300: After 60.000 seconds of waiting for lane change the vehicle 172 (on Static Vehicle Route "2 - 2") was removed from link "6: South entring intersection" at position 65.080 m.	Network object type: Vehicle	Network object keys: 172
                  Warning	Simulation second 457.700: After 60.000 seconds of waiting for lane change the vehicle 132 (on Static Vehicle Route "3 - 2") was removed from link "1: North (entering intersection)" at position 59.987 m.	Network object type: Vehicle	Network object keys: 132
                  Warning	Simulation second 458.900: After 60.000 seconds of waiting for lane change the vehicle 148 (on Static Vehicle Route "2 - 2") was removed from link "6: South entring intersection" at position 67.580 m.	Network object type: Vehicle	Network object keys: 148
                  Warning	Simulation second 467.900: After 60.000 seconds of waiting for lane change the vehicle 140 (on Static Vehicle Route "1 - 2") was removed from link "3: West (entering intersection)" at position 78.241 m.	Network object type: Vehicle	Network object keys: 140
                  Warning	Simulation second 489.400: After 60.000 seconds of waiting for lane change the vehicle 155 (on Static Vehicle Route "4 - 2") was removed from link "7: East (entring intersection)" at position 46.076 m.	Network object type: Vehicle	Network object keys: 155
                  Warning	Simulation second 523.500: After 60.000 seconds of waiting for lane change the vehicle 200 (on Static Vehicle Route "3 - 2") was removed from link "1: North (entering intersection)" at position 59.987 m.	Network object type: Vehicle	Network object keys: 200
                  Warning	Simulation second 523.900: After 60.000 seconds of waiting for lane change the vehicle 151 (on Static Vehicle Route "2 - 2") was removed from link "6: South entring intersection" at position 67.580 m.	Network object type: Vehicle	Network object keys: 151
                  Warning	Simulation second 554.300: After 60.000 seconds of waiting for lane change the vehicle 158 (on Static Vehicle Route "4 - 2") was removed from link "7: East (entring intersection)" at position 46.076 m.	Network object type: Vehicle	Network object keys: 158
                  Warning	Simulation second 555.200: After 60.000 seconds of waiting for lane change the vehicle 240 (on Static Vehicle Route "2 - 2") was removed from link "6: South entring intersection" at position 65.080 m.	Network object type: Vehicle	Network object keys: 240
                  Warning	Simulation second 555.800: After 60.000 seconds of waiting for lane change the vehicle 245 (on Static Vehicle Route "2 - 3") was removed from link "6: South entring intersection" at position 55.303 m.	Network object type: Vehicle	Network object keys: 245
                  Warning	Simulation second 588.900: After 60.000 seconds of waiting for lane change the vehicle 156 (on Static Vehicle Route "2 - 2") was removed from link "6: South entring intersection" at position 67.580 m.	Network object type: Vehicle	Network object keys: 156
                  Warning	Pedestrian input 7 could not be finished completely (remain: 4 pedestrians).	Network object type: Pedestrian Input	Network object keys: 7
                  Warning	Pedestrian input 8 could not be finished completely (remain: 4 pedestrians).	Network object type: Pedestrian Input	Network object keys: 8
                  Warning	Pedestrian input 9 could not be finished completely (remain: 7 pedestrians).	Network object type: Pedestrian Input	Network object keys: 9
                  Warning	Pedestrian input 10 could not be finished completely (remain: 3 pedestrians).	Network object type: Pedestrian Input	Network object keys: 10
                  Warning	Pedestrian input 12 could not be finished completely (remain: 3 pedestrians).	Network object type: Pedestrian Input	Network object keys: 12
                  Warning	Pedestrian input 13 could not be finished completely (remain: 4 pedestrians).	Network object type: Pedestrian Input	Network object keys: 13
                  Warning	Vehicle input 1 could not be finished completely (remain: 39 vehicles).	Network object type: Vehicle Input	Network object keys: 1
                  Warning	Vehicle input 2 could not be finished completely (remain: 192 vehicles).	Network object type: Vehicle Input	Network object keys: 2
                  Warning	Vehicle input 3 could not be finished completely (remain: 109 vehicles).	Network object type: Vehicle Input	Network object keys: 3
                  Warning	Vehicle input 4 could not be finished completely (remain: 216 vehicles).	Network object type: Vehicle Input	Network object keys: 4
