                  Warning	No doors could be created for vehicle 2 at PT stop 2. Hence no passengers could alight or board.	Network object type: Vehicle	Network object keys: 2
                  Warning	The door of vehicle element 1 at position 5.75 m on the left-hand side of vehicle 2 at PT stop 2 is ignored because all platform edges are more than 2.0 m away from the door.	Network object type: Vehicle	Network object keys: 2
                  Warning	The door of vehicle element 1 at position 9.37 m on the left-hand side of vehicle 2 at PT stop 2 is ignored because all platform edges are more than 2.0 m away from the door.	Network object type: Vehicle	Network object keys: 2
                  Warning	The door of vehicle element 3 at position 2.21 m on the left-hand side of vehicle 2 at PT stop 2 is ignored because all platform edges are more than 2.0 m away from the door.	Network object type: Vehicle	Network object keys: 2
                  Warning	The door of vehicle element 3 at position 5.83 m on the left-hand side of vehicle 2 at PT stop 2 is ignored because all platform edges are more than 2.0 m away from the door.	Network object type: Vehicle	Network object keys: 2
                  Warning	Simulation second 104.900: The pedestrian 28 was removed from the network after reaching the waiting area "24" because, according to current boarding information, none of the PT lines at the linked PT stops are eligible for boarding.	Network object type: Pedestrian	Network object keys: 28
                  Warning	Simulation second 119.400: After 60.000 seconds of waiting for lane change the vehicle 61 (on Static Vehicle Route "3 - 2") was removed from link "1: North (entering intersection)" at position 59.987 m.	Network object type: Vehicle	Network object keys: 61
                  Warning	Simulation second 132.500: The pedestrian 33 was removed from the network after reaching the waiting area "24" because, according to current boarding information, none of the PT lines at the linked PT stops are eligible for boarding.	Network object type: Pedestrian	Network object keys: 33
                     Note	Do you want to continue with limited input? The currently used license is limited to 30 pedestrians in the network. This limit has been reached in the current simulation. : &Yes
                  Warning	Simulation second 154.600: After 60.000 seconds of waiting for lane change the vehicle 88 (on Static Vehicle Route "4 - 2") was removed from link "7: East (entring intersection)" at position 46.076 m.	Network object type: Vehicle	Network object keys: 88
                  Warning	Simulation second 184.300: After 60.000 seconds of waiting for lane change the vehicle 71 (on Static Vehicle Route "3 - 2") was removed from link "1: North (entering intersection)" at position 59.987 m.	Network object type: Vehicle	Network object keys: 71
                  Warning	Simulation second 192.400: After 60.000 seconds of waiting for lane change the vehicle 90 (on Static Vehicle Route "2 - 2") was removed from link "6: South entring intersection" at position 65.080 m.	Network object type: Vehicle	Network object keys: 90
                  Warning	Simulation second 198.900: After 60.000 seconds of waiting for lane change the vehicle 85 (on Static Vehicle Route "2 - 2") was removed from link "6: South entring intersection" at position 67.580 m.	Network object type: Vehicle	Network object keys: 85
                  Warning	Simulation second 257.400: After 60.000 seconds of waiting for lane change the vehicle 95 (on Static Vehicle Route "2 - 2") was removed from link "6: South entring intersection" at position 65.080 m.	Network object type: Vehicle	Network object keys: 95
                  Warning	Simulation second 263.900: After 60.000 seconds of waiting for lane change the vehicle 98 (on Static Vehicle Route "2 - 2") was removed from link "6: South entring intersection" at position 67.580 m.	Network object type: Vehicle	Network object keys: 98
                  Warning	Simulation second 284.000: After 60.000 seconds of waiting for lane change the vehicle 119 (on Static Vehicle Route "1 - 2") was removed from link "3: West (entering intersection)" at position 78.241 m.	Network object type: Vehicle	Network object keys: 119
                  Warning	Simulation second 286.000: The pedestrian 66 was removed from the network after reaching the waiting area "24" because, according to current boarding information, none of the PT lines at the linked PT stops are eligible for boarding.	Network object type: Pedestrian	Network object keys: 66
                  Warning	Simulation second 287.400: After 60.000 seconds of waiting for lane change the vehicle 116 (on Static Vehicle Route "3 - 2") was removed from link "1: North (entering intersection)" at position 59.987 m.	Network object type: Vehicle	Network object keys: 116
                  Warning	Simulation second 293.200: After 60.000 seconds of waiting for lane change the vehicle 137 (on Static Vehicle Route "4 - 3") was removed from link "7: East (entring intersection)" at position 43.948 m.	Network object type: Vehicle	Network object keys: 137
                  Warning	Simulation second 328.900: After 60.000 seconds of waiting for lane change the vehicle 111 (on Static Vehicle Route "2 - 2") was removed from link "6: South entring intersection" at position 67.580 m.	Network object type: Vehicle	Network object keys: 111
                  Warning	No doors could be created for vehicle 244 at PT stop 2. Hence no passengers could alight or board.	Network object type: Vehicle	Network object keys: 244
                  Warning	The door of vehicle element 1 at position 5.75 m on the left-hand side of vehicle 244 at PT stop 2 is ignored because all platform edges are more than 2.0 m away from the door.	Network object type: Vehicle	Network object keys: 244
                  Warning	The door of vehicle element 1 at position 9.37 m on the left-hand side of vehicle 244 at PT stop 2 is ignored because all platform edges are more than 2.0 m away from the door.	Network object type: Vehicle	Network object keys: 244
                  Warning	The door of vehicle element 3 at position 2.21 m on the left-hand side of vehicle 244 at PT stop 2 is ignored because all platform edges are more than 2.0 m away from the door.	Network object type: Vehicle	Network object keys: 244
                  Warning	The door of vehicle element 3 at position 5.83 m on the left-hand side of vehicle 244 at PT stop 2 is ignored because all platform edges are more than 2.0 m away from the door.	Network object type: Vehicle	Network object keys: 244
                  Warning	Simulation second 345.300: The pedestrian 77 was removed from the network after reaching the waiting area "24" because, according to current boarding information, none of the PT lines at the linked PT stops are eligible for boarding.	Network object type: Pedestrian	Network object keys: 77
                  Warning	Simulation second 349.100: After 60.000 seconds of waiting for lane change the vehicle 134 (on Static Vehicle Route "1 - 2") was removed from link "3: West (entering intersection)" at position 78.241 m.	Network object type: Vehicle	Network object keys: 134
                  Warning	Simulation second 352.700: After 60.000 seconds of waiting for lane change the vehicle 120 (on Static Vehicle Route "3 - 2") was removed from link "1: North (entering intersection)" at position 59.987 m.	Network object type: Vehicle	Network object keys: 120
                  Warning	Simulation second 358.600: After 60.000 seconds of waiting for lane change the vehicle 139 (on Static Vehicle Route "4 - 2") was removed from link "7: East (entring intersection)" at position 46.076 m.	Network object type: Vehicle	Network object keys: 139
                  Warning	Vehicle input 1 could not be finished completely (remain: 21 vehicles).	Network object type: Vehicle Input	Network object keys: 1
                  Warning	Vehicle input 2 could not be finished completely (remain: 127 vehicles).	Network object type: Vehicle Input	Network object keys: 2
                  Warning	Vehicle input 3 could not be finished completely (remain: 59 vehicles).	Network object type: Vehicle Input	Network object keys: 3
                  Warning	Vehicle input 4 could not be finished completely (remain: 97 vehicles).	Network object type: Vehicle Input	Network object keys: 4
